// Vitest Snapshot v1, https://vitest.dev/guide/snapshot.html

exports[`Duplicate Dependency Detection > should detect exact duplicate dependencies 1`] = `
{
  "messages": [
    {
      "message": "[34m[duplicate dependency][39m [1mshared-lib[22m has 2 installed versions:
 [90m2.0.0[39m via [90mroot > package-a > shared-lib[39m
 [90m2.0.0[39m via [90mroot > package-b > shared-lib[39m
Suggestions:    [34mðŸ’¡[39m [90mConsider standardizing on version 2.0.0 (used by 2 dependencies)[39m    [34mðŸ’¡[39m [90mCheck if newer versions of consuming packages (package-a, package-b) would resolve this duplicate[39m",
      "score": 0,
      "severity": "warning",
    },
  ],
  "stats": {
    "dependencyCount": {
      "cjs": 4,
      "development": 0,
      "duplicate": 1,
      "esm": 0,
      "production": 2,
    },
    "installSize": 244,
    "name": "test-package",
    "version": "1.0.0",
  },
}
`;

exports[`Duplicate Dependency Detection > should detect version conflicts 1`] = `
{
  "messages": [
    {
      "message": "[33m[duplicate dependency][39m [1mshared-lib[22m has 3 installed versions:
 [90m1.0.0[39m via [90mroot > package-a > shared-lib[39m
 [90m1.0.0[39m via [90mroot > package-b > shared-lib[39m
 [90m2.0.0[39m via [90mshared-lib[39m
Suggestions:    [34mðŸ’¡[39m [90mConsider standardizing on version 1.0.0 (used by 2 dependencies)[39m    [34mðŸ’¡[39m [90mCheck if newer versions of consuming packages (package-a, package-b) would resolve this duplicate[39m",
      "score": 0,
      "severity": "warning",
    },
  ],
  "stats": {
    "dependencyCount": {
      "cjs": 4,
      "development": 0,
      "duplicate": 1,
      "esm": 0,
      "production": 2,
    },
    "installSize": 292,
    "name": "test-package",
    "version": "1.0.0",
  },
}
`;

exports[`Duplicate Dependency Detection > should generate suggestions for duplicates 1`] = `
{
  "messages": [
    {
      "message": "[34m[duplicate dependency][39m [1mshared-lib[22m has 2 installed versions:
 [90m2.0.0[39m via [90mroot > package-a > shared-lib[39m
 [90m2.0.0[39m via [90mroot > package-b > shared-lib[39m
Suggestions:    [34mðŸ’¡[39m [90mConsider standardizing on version 2.0.0 (used by 2 dependencies)[39m    [34mðŸ’¡[39m [90mCheck if newer versions of consuming packages (package-a, package-b) would resolve this duplicate[39m",
      "score": 0,
      "severity": "warning",
    },
  ],
  "stats": {
    "dependencyCount": {
      "cjs": 4,
      "development": 0,
      "duplicate": 1,
      "esm": 0,
      "production": 2,
    },
    "installSize": 244,
    "name": "test-package",
    "version": "1.0.0",
  },
}
`;

exports[`Duplicate Dependency Detection > should not detect duplicates when there are none 1`] = `
{
  "messages": [],
  "stats": {
    "dependencyCount": {
      "cjs": 1,
      "development": 0,
      "duplicate": 0,
      "esm": 0,
      "production": 1,
    },
    "installSize": 47,
    "name": "test-package",
    "version": "1.0.0",
  },
}
`;
